// Jest Snapshot v1, https://goo.gl/fbAQLP

exports[`ServicesComponent test should render without crashing 1`] = `ShallowWrapper {}`;
