// Jest Snapshot v1, https://goo.gl/fbAQLP

exports[`AboutComponent test should render without crashing 1`] = `ShallowWrapper {}`;
